# serializer version: 1
# name: test_analytics
  dict({
    'current': dict({
      'integrations': dict({
        'abode': 526,
        'accuweather': 11570,
        'acmeda': 29,
        'adax': 471,
        'adguard': 13138,
        'ads': 39,
        'advantage_air': 264,
        'aemet': 1385,
        'aftership': 60,
        'agent_dvr': 706,
        'air_quality': 385,
        'airly': 771,
        'airnow': 800,
        'airq': 51,
        'airthings': 1306,
        'airthings_ble': 1016,
        'airtouch4': 91,
        'airvisual': 1368,
        'airvisual_pro': 133,
        'airzone': 139,
        'airzone_cloud': 117,
        'aladdin_connect': 763,
        'alarm_control_panel': 20564,
        'alarmdecoder': 118,
        'alert': 2209,
        'alexa': 7717,
        'almond': 30,
        'alpha_vantage': 7,
        'amazon_polly': 16,
        'amberelectric': 336,
        'ambiclimate': 52,
        'ambient_station': 1243,
        'amcrest': 1328,
        'analytics': 27944,
        'android_ip_webcam': 921,
        'androidtv': 8039,
        'androidtv_remote': 42392,
        'anel_pwrctrl': 5,
        'anova': 79,
        'anthemav': 100,
        'aosmith': 8,
        'apache_kafka': 1,
        'apcupsd': 870,
        'api': 33077,
        'apple_tv': 31096,
        'application_credentials': 22895,
        'apprise': 2,
        'aprs': 5,
        'aqualogic': 17,
        'aquostv': 4,
        'aranet': 306,
        'arcam_fmj': 57,
        'arest': 1,
        'arris_tg2492lg': 2,
        'aruba': 1,
        'aseko_pool_live': 7,
        'assist_pipeline': 7896,
        'asterisk_mbox': 25,
        'asustor': 1,
        'asuswrt': 2636,
        'atag': 86,
        'atome': 2,
        'august': 4719,
        'aurora': 975,
        'aurora_abb_powerone': 34,
        'aussie_broadband': 503,
        'auth': 28042,
        'auth_header': 3,
        'automation': 246192,
        'awair': 1022,
        'aws': 59,
        'axis': 926,
        'azure_devops': 24,
        'azure_event_hub': 21,
        'azure_service_bus': 2,
        'backup': 12072,
        'baf': 395,
        'baidu': 34,
        'balboa': 88,
        'bayesian': 192,
        'bbox': 2,
        'beewi_smartclim': 1,
        'binary_sensor': 51013,
        'bitcoin': 26,
        'blebox': 287,
        'blink': 5454,
        'blockchain': 1,
        'bloomsky': 6,
        'bluemaestro': 19,
        'blueprint': 27823,
        'bluesound': 311,
        'bluetooth': 123794,
        'bluetooth_adapters': 8466,
        'bluetooth_le_tracker': 27,
        'bluetooth_tracker': 98,
        'bme280': 1,
        'bmw_connected_drive': 2436,
        'bond': 2096,
        'bosch_shc': 583,
        'braviatv': 9276,
        'broadlink': 18762,
        'brother': 19438,
        'brottsplatskartan': 168,
        'browser': 554,
        'brunt': 39,
        'bsblan': 28,
        'bt_smarthub': 4,
        'bthome': 4151,
        'buienradar': 6638,
        'button': 16540,
        'caldav': 499,
        'calendar': 4778,
        'camera': 29618,
        'canary': 107,
        'cast': 123969,
        'ccm15': 2,
        'cert_expiry': 4602,
        'channels': 3,
        'citybikes': 2,
        'clickatell': 2,
        'clicksend': 7,
        'clicksend_tts': 1,
        'climacell': 2,
        'climate': 31892,
        'cloud': 88612,
        'cloudflare': 1901,
        'co2signal': 24249,
        'coinbase': 414,
        'color_extractor': 433,
        'comapsmarthome': 2,
        'comed_hourly_pricing': 4,
        'comelit': 5,
        'comfoconnect': 161,
        'command_line': 10724,
        'compensation': 171,
        'config': 33336,
        'configurator': 117,
        'control4': 137,
        'conversation': 18713,
        'coolmaster': 59,
        'coronavirus': 257,
        'counter': 39980,
        'cover': 22795,
        'cpuspeed': 6516,
        'crownstone': 6,
        'cups': 2,
        'currencylayer': 2,
        'daikin': 3027,
        'danfoss_air': 30,
        'darksky': 81,
        'datadog': 22,
        'date': 1,
        'datetime': 2,
        'ddwrt': 7,
        'debugpy': 105,
        'deconz': 5503,
        'decora_wifi': 617,
        'default_config': 241728,
        'delijn': 2,
        'deluge': 244,
        'demo': 74,
        'denon': 6,
        'denonavr': 10829,
        'derivative': 4253,
        'deutsche_bahn': 3,
        'devialet': 76,
        'device_automation': 27917,
        'device_sun_light_trigger': 77,
        'device_tracker': 33179,
        'devolo_home_control': 65,
        'devolo_home_network': 1472,
        'dexcom': 332,
        'dhcp': 28409,
        'dht': 6,
        'diagnostics': 24827,
        'dialogflow': 621,
        'digital_ocean': 43,
        'directv': 313,
        'discogs': 1,
        'discord': 1473,
        'discovergy': 90,
        'discovery': 611,
        'dlink': 178,
        'dlna_dmr': 68532,
        'dlna_dms': 55481,
        'dnsip': 4576,
        'dominos': 2,
        'doods': 18,
        'doorbird': 978,
        'dormakaba_dkey': 8,
        'dovado': 1,
        'downloader': 1259,
        'dremel_3d_printer': 11,
        'drop_connect': 1,
        'dsmr': 4073,
        'dsmr_reader': 983,
        'dte_energy_bridge': 2,
        'duckdns': 1943,
        'dunehd': 104,
        'duotecno': 5,
        'dwd_weather_warnings': 2761,
        'dweet': 1,
        'dynalite': 37,
        'eafm': 346,
        'easyenergy': 137,
        'ebusd': 40,
        'ecoal_boiler': 3,
        'ecobee': 7769,
        'ecoforest': 10,
        'econet': 760,
        'ecovacs': 763,
        'ecowitt': 3001,
        'edimax': 15,
        'edl21': 287,
        'efergy': 285,
        'egardia': 32,
        'eight_sleep': 57,
        'electrasmart': 25,
        'electric_kiwi': 20,
        'elgato': 1931,
        'eliqonline': 1,
        'elkm1': 240,
        'elmax': 6,
        'elv': 1,
        'emby': 593,
        'emoncms': 16,
        'emoncms_history': 48,
        'emonitor': 5,
        'emulated_hue': 2538,
        'emulated_kasa': 116,
        'emulated_roku': 1105,
        'energy': 74127,
        'energyzero': 714,
        'enigma2': 488,
        'enocean': 215,
        'enphase_envoy': 2811,
        'entur_public_transport': 8,
        'environment_canada': 1692,
        'envisalink': 851,
        'ephember': 3,
        'epson': 216,
        'eq3btsmart': 5,
        'escea': 17,
        'esphome': 56399,
        'etherscan': 1,
        'eufy': 101,
        'eufylife_ble': 638,
        'event': 4,
        'evil_genius_labs': 4,
        'evohome': 1260,
        'ezviz': 2836,
        'faa_delays': 141,
        'facebook': 3,
        'facebox': 1,
        'fail2ban': 1,
        'familyhub': 14,
        'fan': 17496,
        'fastdotcom': 1064,
        'feedreader': 727,
        'ffmpeg': 21183,
        'ffmpeg_motion': 13,
        'ffmpeg_noise': 9,
        'fibaro': 654,
        'file': 93,
        'file_upload': 20976,
        'filesize': 2156,
        'filter': 732,
        'fireservicerota': 34,
        'firmata': 85,
        'fitbit': 616,
        'fivem': 19,
        'fixer': 2,
        'fjaraskupan': 28,
        'flexit_bacnet': 13,
        'flic': 131,
        'flick_electric': 41,
        'flipr': 66,
        'flo': 409,
        'flume': 844,
        'flunearyou': 9,
        'flux': 30,
        'flux_led': 5910,
        'folder': 18,
        'folder_watcher': 652,
        'foobot': 34,
        'forecast_solar': 25124,
        'forked_daapd': 292,
        'fortios': 1,
        'foscam': 1644,
        'foursquare': 7,
        'free_mobile': 10,
        'freebox': 2535,
        'freedns': 46,
        'freedompro': 26,
        'fritz': 18161,
        'fritzbox': 13959,
        'fritzbox_callmonitor': 1933,
        'fritzbox_netmonitor': 4,
        'fronius': 3287,
        'frontend': 203265,
        'frontier_silicon': 1597,
        'fully_kiosk': 6481,
        'garadget': 2,
        'garages_amsterdam': 10,
        'gardena_bluetooth': 44,
        'gardena_smart_system': 1,
        'garmin_connect': 3,
        'gc100': 4,
        'gdacs': 1234,
        'generic': 17304,
        'generic_hygrostat': 759,
        'generic_thermostat': 3307,
        'geniushub': 24,
        'geo_json_events': 46,
        'geo_location': 657,
        'geo_rss_events': 2,
        'geocaching': 324,
        'geofency': 312,
        'geonetnz_quakes': 156,
        'geonetnz_volcano': 41,
        'gios': 281,
        'github': 3123,
        'glances': 2779,
        'goalzero': 38,
        'gogogate2': 402,
        'goodwe': 1297,
        'google': 17366,
        'google_assistant': 14371,
        'google_assistant_sdk': 5690,
        'google_cloud': 20,
        'google_domains': 109,
        'google_generative_ai_conversation': 198,
        'google_mail': 757,
        'google_maps': 11,
        'google_pubsub': 23,
        'google_sheets': 1170,
        'google_tasks': 647,
        'google_translate': 128088,
        'google_travel_time': 816,
        'google_wifi': 43,
        'govee_ble': 3617,
        'gpsd': 1,
        'gpslogger': 613,
        'graphite': 13,
        'gree': 2364,
        'greeneye_monitor': 6,
        'group': 87957,
        'growatt_server': 845,
        'gtfs': 2,
        'guardian': 9,
        'habitica': 93,
        'hangouts': 4,
        'hardkernel': 359,
        'hardware': 21591,
        'harman_kardon_avr': 4,
        'harmony': 10043,
        'hassio': 192136,
        'hddtemp': 2,
        'hdmi_cec': 68,
        'heos': 6181,
        'here_travel_time': 356,
        'hikvision': 1172,
        'hikvisioncam': 18,
        'hisense_aehw4a1': 37,
        'history': 35355,
        'history_stats': 868,
        'hive': 1425,
        'hlk_sw16': 14,
        'holiday': 1042,
        'home_connect': 5751,
        'home_plus_control': 85,
        'homeassistant': 108242,
        'homeassistant_alerts': 22264,
        'homeassistant_hardware': 311,
        'homeassistant_sky_connect': 13752,
        'homeassistant_yellow': 115,
        'homekit': 46372,
        'homekit_controller': 32065,
        'homematic': 1185,
        'homematicip_cloud': 2009,
        'homewizard': 5352,
        'homeworks': 8,
        'honeywell': 1723,
        'hp_ilo': 12,
        'html5': 58,
        'http': 89808,
        'huawei_lte': 650,
        'hue': 39292,
        'huisbaasje': 43,
        'humidifier': 10105,
        'hunterdouglas_powerview': 514,
        'hvv_departures': 68,
        'hydrawise': 591,
        'hyperion': 1480,
        'ialarm': 27,
        'iammeter': 93,
        'iaqualink': 329,
        'ibeacon': 45840,
        'icloud': 5750,
        'idasen_desk': 124,
        'idteck_prox': 1,
        'ifttt': 7030,
        'ign_sismologia': 2,
        'ihc': 261,
        'image': 11876,
        'image_processing': 1315,
        'image_upload': 16592,
        'imap': 785,
        'imap_email_content': 13,
        'incomfort': 104,
        'influxdb': 21632,
        'inkbird': 1770,
        'input_boolean': 87517,
        'input_button': 46035,
        'input_datetime': 55480,
        'input_number': 67270,
        'input_select': 55638,
        'input_text': 52047,
        'insteon': 1077,
        'integration': 13813,
        'intellifire': 33,
        'intent': 1394,
        'intent_script': 1518,
        'intesishome': 264,
        'ios': 12477,
        'iotawatt': 447,
        'iperf3': 137,
        'ipma': 636,
        'ipp': 68563,
        'iqvia': 564,
        'islamic_prayer_times': 521,
        'iss': 1711,
        'isy994': 412,
        'itach': 3,
        'itunes': 7,
        'izone': 91,
        'jellyfin': 2078,
        'jewish_calendar': 219,
        'joaoapps_join': 175,
        'juicenet': 193,
        'jvc_projector': 29,
        'kaiterra': 51,
        'kaleidescape': 20,
        'keba': 93,
        'keenetic_ndms2': 1943,
        'kef': 51,
        'kegtron': 5,
        'keyboard_remote': 77,
        'keymitt_ble': 9,
        'kira': 8,
        'kitchen_sink': 3,
        'kmtronic': 21,
        'knx': 2926,
        'kodi': 5164,
        'konnected': 1301,
        'kostal_plenticore': 631,
        'kraken': 301,
        'lacrosse': 3,
        'lacrosse_view': 178,
        'lametric': 676,
        'landisgyr_heat_meter': 13,
        'lannouncer': 7,
        'lastfm': 300,
        'launch_library': 280,
        'laundrify': 150,
        'lcn': 38,
        'ld2410_ble': 930,
        'led_ble': 634,
        'lg_netcast': 15,
        'lg_soundbar': 362,
        'lidarr': 309,
        'life360': 2473,
        'lifx': 4814,
        'lifx_cloud': 4,
        'light': 36747,
        'lightwave': 105,
        'limitlessled': 20,
        'linear_garage_door': 2,
        'linksys_smart': 3,
        'linode': 22,
        'linux_battery': 7,
        'lirc': 3,
        'litterrobot': 1343,
        'livisi': 231,
        'llamalab_automate': 1,
        'local_calendar': 17034,
        'local_file': 71,
        'local_ip': 15007,
        'local_todo': 8185,
        'locative': 174,
        'lock': 12373,
        'logbook': 35383,
        'logentries': 1,
        'logger': 41459,
        'logi_circle': 18,
        'london_air': 1,
        'london_underground': 3,
        'lookin': 33,
        'loqed': 208,
        'lovelace': 37850,
        'luci': 36,
        'luftdaten': 733,
        'lupusec': 28,
        'lutron': 115,
        'lutron_caseta': 5270,
        'lyric': 710,
        'mailbox': 3,
        'mailgun': 105,
        'manual': 357,
        'manual_mqtt': 11,
        'map': 31502,
        'marytts': 4,
        'mastodon': 1,
        'matrix': 210,
        'matter': 16948,
        'maxcube': 201,
        'mazda': 68,
        'mcp23017': 1,
        'meater': 1295,
        'media_extractor': 1483,
        'media_player': 32404,
        'media_source': 31075,
        'mediaroom': 36,
        'melcloud': 2774,
        'melissa': 12,
        'melnor': 43,
        'meraki': 4,
        'message_bird': 4,
        'met': 192246,
        'met_eireann': 301,
        'meteo_france': 3887,
        'meteoalarm': 8,
        'meteoclimatic': 158,
        'metoffice': 1781,
        'mfi': 17,
        'microsoft': 11,
        'miflora': 15,
        'mikrotik': 1765,
        'mill': 888,
        'min_max': 14492,
        'minecraft_server': 1109,
        'minio': 7,
        'mitemp_bt': 24,
        'mjpeg': 6088,
        'moat': 4,
        'mobile_app': 201940,
        'mochad': 25,
        'modbus': 4724,
        'modem_callerid': 24,
        'modern_forms': 341,
        'moehlenhoff_alpha2': 39,
        'mold_indicator': 25,
        'monoprice': 114,
        'moon': 12113,
        'mopeka': 225,
        'motion_blinds': 626,
        'motioneye': 3533,
        'mpd': 82,
        'mqtt': 107674,
        'mqtt_eventstream': 96,
        'mqtt_json': 5,
        'mqtt_room': 464,
        'mqtt_statestream': 573,
        'msteams': 13,
        'mullvad': 123,
        'music_light_switch': 1,
        'mutesync': 60,
        'mvglive': 1,
        'my': 32712,
        'mycroft': 5,
        'myq': 3733,
        'mysensors': 475,
        'mystrom': 590,
        'mythicbeastsdns': 2,
        'nad': 2,
        'nam': 58,
        'namecheapdns': 88,
        'nanoleaf': 3249,
        'neato': 929,
        'nederlandse_spoorwegen': 3,
        'ness_alarm': 40,
        'nest': 12637,
        'netatmo': 10978,
        'netdata': 3,
        'netgear': 2289,
        'netgear_lte': 65,
        'network': 28141,
        'neurio_energy': 1,
        'nexia': 475,
        'nextbus': 15,
        'nextcloud': 1126,
        'nextdns': 495,
        'nfandroidtv': 2836,
        'nibe_heatpump': 279,
        'nightscout': 175,
        'niko_home_control': 11,
        'nina': 2513,
        'nissan_leaf': 294,
        'nmap_tracker': 5148,
        'nmbs': 48,
        'no_ip': 232,
        'noaa_tides': 6,
        'nobo_hub': 81,
        'norway_air': 4,
        'notify': 58922,
        'notify_events': 421,
        'notion': 133,
        'nsw_fuel_station': 98,
        'nsw_rural_fire_service_feed': 2,
        'nuheat': 163,
        'nuki': 1966,
        'numato': 1,
        'number': 15809,
        'nut': 8713,
        'nws': 4057,
        'nx584': 1,
        'nzbget': 322,
        'obihai': 448,
        'octoprint': 9547,
        'ohmconnect': 96,
        'ombi': 66,
        'omnilogic': 86,
        'onboarding': 27916,
        'oncue': 74,
        'ondilo_ico': 153,
        'onewire': 252,
        'onkyo': 144,
        'onvif': 9854,
        'open_meteo': 2575,
        'openai_conversation': 5125,
        'openevse': 1,
        'openexchangerates': 325,
        'opengarage': 423,
        'openhardwaremonitor': 18,
        'openhome': 727,
        'opensensemap': 4,
        'opensky': 409,
        'opentherm_gw': 230,
        'openuv': 1913,
        'openweathermap': 21295,
        'opnsense': 318,
        'opower': 1267,
        'opple': 15,
        'oralb': 7774,
        'oru': 3,
        'orvibo': 14,
        'osoenergy': 10,
        'osramlightify': 59,
        'otbr': 5547,
        'otp': 2,
        'ourgroceries': 470,
        'overkiz': 4470,
        'ovo_energy': 269,
        'owntracks': 2339,
        'ozw': 7,
        'p1_monitor': 338,
        'panasonic_bluray': 3,
        'panasonic_viera': 1182,
        'panel_custom': 7155,
        'panel_iframe': 7735,
        'peco': 57,
        'pegel_online': 214,
        'permobil': 3,
        'persistent_notification': 27926,
        'person': 247198,
        'philips_js': 3287,
        'pi_hole': 7064,
        'picnic': 697,
        'picotts': 21,
        'pilight': 10,
        'ping': 13129,
        'pioneer': 11,
        'pjlink': 6,
        'plaato': 44,
        'plant': 1729,
        'plex': 13148,
        'plugwise': 539,
        'plum_lightpad': 1,
        'pocketcasts': 5,
        'point': 25,
        'poolsense': 22,
        'powerwall': 1165,
        'private_ble_device': 411,
        'profiler': 1695,
        'progettihwsw': 2,
        'prometheus': 1440,
        'prosegur': 92,
        'prowl': 9,
        'proximity': 4801,
        'proxmoxve': 1338,
        'proxy': 16,
        'prusalink': 735,
        'ps4': 1722,
        'pure_energie': 57,
        'purpleair': 90,
        'push': 2,
        'pushbullet': 1093,
        'pushover': 2429,
        'pushsafer': 2,
        'pvoutput': 442,
        'pvpc_hourly_pricing': 1223,
        'pyload': 1,
        'python_script': 7016,
        'qbittorrent': 1299,
        'qingping': 687,
        'qld_bushfire': 1,
        'qnap': 1860,
        'qnap_qsw': 52,
        'quantum_gateway': 5,
        'qvr_pro': 43,
        'qwikswitch': 9,
        'rachio': 3073,
        'radarr': 1956,
        'radio_browser': 175125,
        'radiotherm': 104,
        'rainbird': 701,
        'raincloud': 4,
        'rainforest_eagle': 253,
        'rainmachine': 379,
        'random': 179,
        'rapt_ble': 32,
        'raspberry_pi': 5282,
        'raspyrfm': 1,
        'rdw': 765,
        'recollect_waste': 122,
        'recorder': 62055,
        'recswitch': 21,
        'reddit': 2,
        'refoss': 2,
        'rejseplanen': 4,
        'remember_the_milk': 36,
        'remote': 8747,
        'remote_rpi_gpio': 36,
        'renault': 1284,
        'renson': 8,
        'reolink': 12854,
        'repairs': 21758,
        'repetier': 33,
        'rest': 7402,
        'rest_command': 10309,
        'rflink': 837,
        'rfxtrx': 2350,
        'rhasspy': 1021,
        'ridwell': 33,
        'ring': 13601,
        'risco': 274,
        'rituals_perfume_genie': 351,
        'rmvtransport': 2,
        'roborock': 7300,
        'roku': 10055,
        'roomba': 8519,
        'roon': 403,
        'route53': 72,
        'rpi_camera': 87,
        'rpi_gpio': 42,
        'rpi_power': 86497,
        'rpi_rf': 1,
        'rss_feed_template': 29,
        'rtsp_to_webrtc': 2356,
        'ruckus_unleashed': 95,
        'russound_rio': 3,
        'ruuvi_gateway': 72,
        'ruuvitag_ble': 739,
        'rympro': 21,
        'sabnzbd': 1029,
        'safe_mode': 80,
        'saj': 70,
        'samsungtv': 40184,
        'samsungtv_smart': 1,
        'satel_integra': 383,
        'scene': 241204,
        'schedule': 33055,
        'schlage': 472,
        'schluter': 92,
        'scrape': 2422,
        'screenlogic': 309,
        'script': 245069,
        'scsgate': 1,
        'search': 27917,
        'season': 6298,
        'select': 14462,
        'sendgrid': 4,
        'sense': 1639,
        'senseme': 9,
        'sensibo': 2854,
        'sensirion_ble': 51,
        'sensor': 102071,
        'sensorpro': 35,
        'sensorpush': 102,
        'sentry': 63,
        'senz': 90,
        'serial': 21,
        'serial_pm': 2,
        'sesame': 5,
        'seven_segments': 3,
        'seventeentrack': 846,
        'sfr_box': 174,
        'sharkiq': 1271,
        'sharpai': 3,
        'shell_command': 10664,
        'shelly': 44476,
        'shodan': 1,
        'shopping_list': 94953,
        'sia': 476,
        'sighthound': 2,
        'signal_messenger': 11,
        'simplepush': 77,
        'simplisafe': 802,
        'simulated': 1,
        'sinch': 2,
        'siren': 10592,
        'sisyphus': 22,
        'sky_hub': 2,
        'skybell': 69,
        'slack': 519,
        'sleepiq': 952,
        'slide': 107,
        'slimproto': 338,
        'sma': 1711,
        'smappee': 249,
        'smart_meter_texas': 240,
        'smartthings': 10613,
        'smartthings_soundbar': 1,
        'smarttub': 37,
        'smarty': 1,
        'smhi': 1907,
        'sms': 160,
        'smtp': 232,
        'snapcast': 349,
        'snips': 28,
        'snmp': 345,
        'snooz': 53,
        'solaredge': 4754,
        'solarlog': 177,
        'solax': 160,
        'soma': 94,
        'somfy': 32,
        'somfy_mylink': 109,
        'sonarr': 2543,
        'songpal': 1477,
        'sonoff': 1,
        'sonos': 36190,
        'sony_projector': 3,
        'soundtouch': 2068,
        'spaceapi': 3,
        'spc': 47,
        'speedtestdotnet': 23269,
        'spider': 21,
        'splunk': 54,
        'spotify': 24331,
        'sql': 4946,
        'squeezebox': 1390,
        'srp_energy': 82,
        'ssdp': 29846,
        'starline': 297,
        'starlingbank': 3,
        'starlink': 441,
        'statistics': 2141,
        'statsd': 4,
        'steam_online': 1552,
        'stiebel_eltron': 19,
        'stookalert': 443,
        'stookwijzer': 191,
        'stream': 32458,
        'streamlabswater': 18,
        'stt': 8742,
        'subaru': 265,
        'suez_water': 24,
        'sun': 246763,
        'sunweg': 3,
        'supervisord': 2,
        'supla': 108,
        'surepetcare': 840,
        'swiss_hydrological_data': 69,
        'swiss_public_transport': 110,
        'swisscom': 1,
        'switch': 51061,
        'switch_as_x': 36566,
        'switchbee': 3,
        'switchbot': 6932,
        'switchbot_cloud': 1010,
        'switcher_kis': 267,
        'switchmate': 37,
        'syncthing': 446,
        'syncthru': 2494,
        'synology_chat': 4,
        'synology_dsm': 26874,
        'synology_srm': 7,
        'syslog': 8,
        'system_bridge': 208,
        'system_health': 33542,
        'system_log': 29524,
        'systemmonitor': 32031,
        'tado': 8600,
        'tag': 28415,
        'tailscale': 738,
        'tailwind': 35,
        'tami4': 16,
        'tank_utility': 1,
        'tankerkoenig': 2251,
        'tasmota': 26245,
        'tautulli': 1280,
        'tcp': 10,
        'ted5000': 2,
        'telegram': 664,
        'telegram_bot': 13976,
        'tellduslive': 865,
        'tellstick': 228,
        'telnet': 9,
        'temper': 4,
        'template': 50553,
        'tesla': 6,
        'tesla_wall_connector': 2311,
        'tessie': 113,
        'text': 5943,
        'thermobeacon': 611,
        'thermopro': 634,
        'thethingsnetwork': 38,
        'thingspeak': 45,
        'thread': 56178,
        'threshold': 7004,
        'tibber': 5098,
        'tile': 3212,
        'tilt_ble': 84,
        'time': 15,
        'time_date': 1178,
        'timer': 49471,
        'tmb': 10,
        'tod': 4711,
        'todo': 5,
        'todoist': 1147,
        'tolo': 3,
        'tomato': 7,
        'tomorrowio': 1641,
        'toon': 252,
        'torque': 5,
        'totalconnect': 201,
        'touchline': 3,
        'tplink': 23602,
        'tplink_deco': 1,
        'tplink_lte': 1,
        'tplink_omada': 1024,
        'traccar': 560,
        'trace': 27820,
        'tractive': 686,
        'tradfri': 5538,
        'trafikverket_camera': 109,
        'trafikverket_ferry': 12,
        'trafikverket_train': 76,
        'trafikverket_weatherstation': 436,
        'transmission': 1782,
        'transport_nsw': 4,
        'trend': 175,
        'tts': 140185,
        'tuya': 48305,
        'twentemilieu': 194,
        'twilio': 982,
        'twilio_call': 18,
        'twilio_sms': 29,
        'twinkly': 3143,
        'twitch': 128,
        'twitter': 4,
        'uk_transport': 4,
        'ukraine_alarm': 549,
        'unifi': 16545,
        'unifi_direct': 5,
        'unifiled': 1,
        'unifiprotect': 10347,
        'universal': 550,
        'upb': 32,
        'upc_connect': 2,
        'update': 16059,
        'updater': 3556,
        'upnp': 83756,
        'uptime': 12286,
        'uptimerobot': 927,
        'usb': 27907,
        'usgs_earthquakes_feed': 9,
        'utility_meter': 27634,
        'uvc': 47,
        'v2c': 31,
        'vacuum': 11161,
        'vallox': 156,
        'valve': 1,
        'vasttrafik': 1,
        'veea': 1,
        'velbus': 76,
        'velux': 291,
        'venstar': 210,
        'vera': 351,
        'verisure': 1461,
        'version': 8919,
        'vesync': 3142,
        'viaggiatreno': 1,
        'vicare': 1489,
        'vilfo': 2,
        'vivotek': 1,
        'vizio': 2631,
        'vlc': 7,
        'vlc_telnet': 4099,
        'vodafone_station': 79,
        'voicerss': 4,
        'voip': 1324,
        'volkszaehler': 1,
        'volumio': 1409,
        'volvooncall': 1220,
        'vulcan': 23,
        'w800rf32': 6,
        'wake_on_lan': 19143,
        'wallbox': 878,
        'waqi': 1529,
        'warnwetter': 2,
        'water_heater': 3050,
        'waterfurnace': 15,
        'watson_tts': 6,
        'watttime': 15,
        'waze_travel_time': 5630,
        'weather': 23760,
        'weather_light_switch': 1,
        'weatherflow': 432,
        'weatherkit': 95,
        'webhook': 29208,
        'webostv': 28292,
        'websocket_api': 28914,
        'weishaupt_wcm_com': 1,
        'wemo': 7149,
        'whirlpool': 228,
        'whois': 364,
        'wiffi': 266,
        'wilight': 3,
        'wirelesstag': 131,
        'withings': 2133,
        'wiz': 8374,
        'wled': 17380,
        'wolflink': 178,
        'workday': 12696,
        'worldclock': 30,
        'worldtidesinfo': 2,
        'worxlandroid': 14,
        'ws66i': 12,
        'wsdot': 1,
        'wyoming': 13596,
        'x10': 2,
        'xbox': 6290,
        'xiaomi': 14,
        'xiaomi_aqara': 2880,
        'xiaomi_ble': 15727,
        'xiaomi_miio': 16204,
        'xiaomi_tv': 19,
        'xmpp': 3,
        'xs1': 4,
        'yale_smart_alarm': 347,
        'yalexs_ble': 942,
        'yamaha': 136,
        'yamaha_musiccast': 4404,
        'yandex_transport': 2,
        'yandextts': 2,
        'yardian': 13,
        'yeelight': 9883,
        'yeelightsunflower': 2,
        'yi': 3,
        'yolink': 977,
        'youless': 318,
        'youtube': 337,
        'zabbix': 51,
        'zamg': 440,
        'zeroconf': 30437,
        'zestimate': 16,
        'zeversolar': 86,
        'zha': 57988,
        'ziggo_mediabox_xl': 3,
        'zodiac': 492,
        'zone': 90321,
        'zoneminder': 258,
        'zwave': 34,
        'zwave_js': 24496,
        'zwave_me': 64,
      }),
    }),
  })
# ---
